******************************************************************************
                  TI ARM Linker Unix v20.2.7                   
******************************************************************************
>> Linked Tue Nov 14 11:05:38 2023

OUTPUT FILE NAME:   <driver_lib_lab4.out>
ENTRY POINT SYMBOL: "_c_int00_noargs"  address: 00000a0d


MEMORY CONFIGURATION

         name            origin    length      used     unused   attr    fill
----------------------  --------  ---------  --------  --------  ----  --------
  MAIN                  00000000   00040000  00000bdc  0003f424  R  X
  INFO                  00200000   00004000  00000000  00004000  R  X
  SRAM_CODE             01000000   00010000  00000225  0000fddb  RW X
  SRAM_DATA             20000000   00010000  00000225  0000fddb  RW  


SEGMENT ALLOCATION MAP

run origin  load origin   length   init length attrs members
----------  ----------- ---------- ----------- ----- -------
00000000    00000000    00000bdc   00000bdc    r-x
  00000000    00000000    000000e4   000000e4    r-- .intvecs
  000000e4    000000e4    00000a7c   00000a7c    r-x .text
  00000b60    00000b60    00000048   00000048    r-- .const
  00000ba8    00000ba8    00000034   00000034    r-- .cinit
20000000    20000000    00000025   00000000    rw-
  20000000    20000000    00000025   00000000    rw- .data
2000fe00    2000fe00    00000200   00000000    rw-
  2000fe00    2000fe00    00000200   00000000    rw- .stack


SECTION ALLOCATION MAP

 output                                  attributes/
section   page    origin      length       input sections
--------  ----  ----------  ----------   ----------------
.intvecs   0    00000000    000000e4     
                  00000000    000000e4     startup_msp432p401r_ccs.obj (.intvecs:retain)

.text      0    000000e4    00000a7c     
                  000000e4    00000334     system_msp432p401r.obj (.text)
                  00000418    00000144     main.obj (.text)
                  0000055c    00000144     msp432p4xx_driverlib.lib : timer_a.o (.text:privateTimer_AProcessClockSourceDivider)
                  000006a0    00000130                              : cs.o (.text:CS_initClockSignal)
                  000007d0    0000009c     rtsv7M4_T_le_v4SPD16_eabi.lib : memcpy_t2.asm.obj (.text)
                  0000086c    00000080     msp432p4xx_driverlib.lib : interrupt.o (.text:Interrupt_enableInterrupt)
                  000008ec    00000068     rtsv7M4_T_le_v4SPD16_eabi.lib : copy_decompress_lzss.c.obj (.text:decompress:lzss:__TI_decompress_lzss)
                  00000954    00000044                                   : autoinit.c.obj (.text:__TI_auto_init_nobinit_nopinit:__TI_auto_init_nobinit_nopinit)
                  00000998    00000040     msp432p4xx_driverlib.lib : gpio.o (.text:GPIO_setAsOutputPin)
                  000009d8    00000034                              : timer_a.o (.text:Timer_A_configureContinuousMode)
                  00000a0c    00000034     rtsv7M4_T_le_v4SPD16_eabi.lib : boot_cortex_m.c.obj (.text:_c_int00_noargs:_c_int00_noargs)
                  00000a40    00000030     msp432p4xx_driverlib.lib : cs.o (.text:CS_setReferenceOscillatorFrequency)
                  00000a70    00000028                              : gpio.o (.text:GPIO_setOutputHighOnPin)
                  00000a98    00000028                              : gpio.o (.text:GPIO_setOutputLowOnPin)
                  00000ac0    00000024                              : wdt_a.o (.text:WDT_A_holdTimer)
                  00000ae4    00000016                              : timer_a.o (.text:Timer_A_clearInterruptFlag)
                  00000afa    00000016                              : timer_a.o (.text:Timer_A_startCounter)
                  00000b10    00000010                              : interrupt.o (.text:Interrupt_enableMaster)
                  00000b20    00000010                              : interrupt.o (.text:Interrupt_enableSleepOnIsrExit)
                  00000b30    0000000e     rtsv7M4_T_le_v4SPD16_eabi.lib : copy_decompress_none.c.obj (.text:decompress:none:__TI_decompress_none)
                  00000b3e    0000000e     startup_msp432p401r_ccs.obj (.text)
                  00000b4c    0000000c     msp432p4xx_driverlib.lib : cpu.o (.text:CPU_cpsie)
                  00000b58    00000004     rtsv7M4_T_le_v4SPD16_eabi.lib : pre_init.c.obj (.text:_system_pre_init)
                  00000b5c    00000004                                   : exit.c.obj (.text:abort:abort)

.const     0    00000b60    00000048     
                  00000b60    00000030     msp432p4xx_driverlib.lib : gpio.o (.const:GPIO_PORT_TO_BASE)
                  00000b90    00000010     main.obj (.const:continuousModeConfig)
                  00000ba0    00000008     msp432p4xx_driverlib.lib : interrupt.o (.const:g_pulEnRegs)

.cinit     0    00000ba8    00000034     
                  00000ba8    00000024     (.cinit..data.load) [load image, compression = lzss]
                  00000bcc    00000008     (__TI_handler_table)
                  00000bd4    00000008     (__TI_cinit_table)

.init_array 
*          0    00000000    00000000     UNINITIALIZED

.binit     0    00000000    00000000     

.data      0    20000000    00000025     UNINITIALIZED
                  20000000    00000020     main.obj (.data:fsm)
                  20000020    00000004     system_msp432p401r.obj (.data)
                  20000024    00000001     main.obj (.data)

.stack     0    2000fe00    00000200     UNINITIALIZED
                  2000fe00    00000004     rtsv7M4_T_le_v4SPD16_eabi.lib : boot_cortex_m.c.obj (.stack)
                  2000fe04    000001fc     --HOLE--

__llvm_prf_cnts 
*          0    20000000    00000000     UNINITIALIZED

MODULE SUMMARY

       Module                        code   ro data   rw data
       ------                        ----   -------   -------
    ./
       system_msp432p401r.obj        820    0         8      
       main.obj                      324    16        66     
       startup_msp432p401r_ccs.obj   14     228       0      
    +--+-----------------------------+------+---------+---------+
       Total:                        1158   244       74     
                                                             
    /Applications/ti/ccs1240/ccs/tools/compiler/ti-cgt-arm_20.2.7.LTS/lib/rtsv7M4_T_le_v4SPD16_eabi.lib
       memcpy_t2.asm.obj             156    0         0      
       copy_decompress_lzss.c.obj    104    0         0      
       autoinit.c.obj                68     0         0      
       boot_cortex_m.c.obj           52     0         0      
       copy_decompress_none.c.obj    14     0         0      
       exit.c.obj                    4      0         0      
       pre_init.c.obj                4      0         0      
    +--+-----------------------------+------+---------+---------+
       Total:                        402    0         0      
                                                             
    /Users/lucapodavini/Library/CloudStorage/GoogleDrive-luca.podavini@studenti.unitn.it/My Drive/UNI/Embedded Software for the Internet of Things/Exercises/simplelink_msp432p4_sdk_3_40_01_02/source/ti/devices/msp432p4xx/driverlib/ccs/msp432p4xx_driverlib.lib
       timer_a.o                     420    0         0      
       cs.o                          352    0         0      
       gpio.o                        144    48        0      
       interrupt.o                   160    8         0      
       wdt_a.o                       36     0         0      
       cpu.o                         12     0         0      
    +--+-----------------------------+------+---------+---------+
       Total:                        1124   56        0      
                                                             
       Stack:                        0      0         1024   
       Linker Generated:             0      52        0      
    +--+-----------------------------+------+---------+---------+
       Grand Total:                  2684   352       1098   


LINKER GENERATED COPY TABLES

__TI_cinit_table @ 00000bd4 records: 1, size/record: 8, table size: 8
	.data: load addr=00000ba8, load size=00000024 bytes, run addr=20000000, run size=00000025 bytes, compression=lzss


LINKER GENERATED HANDLER TABLE

__TI_handler_table @ 00000bcc records: 2, size/record: 4, table size: 8
	index: 0, handler: __TI_decompress_lzss
	index: 1, handler: __TI_decompress_none


GLOBAL SYMBOLS: SORTED ALPHABETICALLY BY Name 

address   name                              
-------   ----                              
00000b4b  ADC14_IRQHandler                  
00000b4b  AES256_IRQHandler                 
00000b4b  BusFault_Handler                  
00000b5d  C$$EXIT                           
00000b4b  COMP_E0_IRQHandler                
00000b4b  COMP_E1_IRQHandler                
00000b4d  CPU_cpsie                         
00000b4b  CS_IRQHandler                     
000006a1  CS_initClockSignal                
00000a41  CS_setReferenceOscillatorFrequency
00000b4b  DMA_ERR_IRQHandler                
00000b4b  DMA_INT0_IRQHandler               
00000b4b  DMA_INT1_IRQHandler               
00000b4b  DMA_INT2_IRQHandler               
00000b4b  DMA_INT3_IRQHandler               
00000b4b  DebugMon_Handler                  
00000b4b  Default_Handler                   
00000b4b  EUSCIA0_IRQHandler                
00000b4b  EUSCIA1_IRQHandler                
00000b4b  EUSCIA2_IRQHandler                
00000b4b  EUSCIA3_IRQHandler                
00000b4b  EUSCIB0_IRQHandler                
00000b4b  EUSCIB1_IRQHandler                
00000b4b  EUSCIB2_IRQHandler                
00000b4b  EUSCIB3_IRQHandler                
00000b4b  FLCTL_IRQHandler                  
00000b4b  FPU_IRQHandler                    
00000999  GPIO_setAsOutputPin               
00000a71  GPIO_setOutputHighOnPin           
00000a99  GPIO_setOutputLowOnPin            
00000b4b  HardFault_Handler                 
0000086d  Interrupt_enableInterrupt         
00000b11  Interrupt_enableMaster            
00000b21  Interrupt_enableSleepOnIsrExit    
00000b4b  MemManage_Handler                 
00000b4b  NMI_Handler                       
00000b4b  PCM_IRQHandler                    
00000b4b  PORT1_IRQHandler                  
00000b4b  PORT2_IRQHandler                  
00000b4b  PORT3_IRQHandler                  
00000b4b  PORT4_IRQHandler                  
00000b4b  PORT5_IRQHandler                  
00000b4b  PORT6_IRQHandler                  
00000b4b  PSS_IRQHandler                    
00000b4b  PendSV_Handler                    
00000b4b  RTC_C_IRQHandler                  
00000b3f  Reset_Handler                     
00000b4b  SVC_Handler                       
00000b4b  SysTick_Handler                   
20000020  SystemCoreClock                   
000000e5  SystemCoreClockUpdate             
0000035d  SystemInit                        
00000b4b  T32_INT1_IRQHandler               
00000b4b  T32_INT2_IRQHandler               
00000b4b  T32_INTC_IRQHandler               
00000b4b  TA0_0_IRQHandler                  
00000537  TA0_N_IRQHandler                  
00000537  TA0_N_IRQHandler                  
00000b4b  TA1_0_IRQHandler                  
00000b4b  TA1_N_IRQHandler                  
00000b4b  TA2_0_IRQHandler                  
00000b4b  TA2_N_IRQHandler                  
00000b4b  TA3_0_IRQHandler                  
00000b4b  TA3_N_IRQHandler                  
00000ae5  Timer_A_clearInterruptFlag        
000009d9  Timer_A_configureContinuousMode   
00000afb  Timer_A_startCounter              
00000b4b  UsageFault_Handler                
4000480c  WDTCTL_SYM                        
00000b4b  WDT_A_IRQHandler                  
00000ac1  WDT_A_holdTimer                   
20010000  __STACK_END                       
00000200  __STACK_SIZE                      
00000bd4  __TI_CINIT_Base                   
00000bdc  __TI_CINIT_Limit                  
00000bcc  __TI_Handler_Table_Base           
00000bd4  __TI_Handler_Table_Limit          
00000955  __TI_auto_init_nobinit_nopinit    
000008ed  __TI_decompress_lzss              
00000b31  __TI_decompress_none              
ffffffff  __TI_pprof_out_hndl               
ffffffff  __TI_prof_data_size               
ffffffff  __TI_prof_data_start              
00000000  __TI_static_base__                
000007d1  __aeabi_memcpy                    
000007d1  __aeabi_memcpy4                   
000007d1  __aeabi_memcpy8                   
ffffffff  __binit__                         
ffffffff  __c_args__                        
UNDEFED   __mpu_init                        
2000fe00  __stack                           
20000000  __start___llvm_prf_cnts           
20000000  __stop___llvm_prf_cnts            
00000a0d  _c_int00_noargs                   
UNDEFED   _system_post_cinit                
00000b59  _system_pre_init                  
00000b5d  abort                             
ffffffff  binit                             
00000419  configurePorts                    
0000044d  configureTimer                    
00000b90  continuousModeConfig              
20000024  current_state                     
000004fb  fn_BLUE                           
000004a7  fn_GREEN                          
00000485  fn_INIT                           
000004d1  fn_RED                            
20000000  fsm                               
00000000  interruptVectors                  
00000525  main                              
000007d1  memcpy                            


GLOBAL SYMBOLS: SORTED BY Symbol Address 

address   name                              
-------   ----                              
00000000  __TI_static_base__                
00000000  interruptVectors                  
000000e5  SystemCoreClockUpdate             
00000200  __STACK_SIZE                      
0000035d  SystemInit                        
00000419  configurePorts                    
0000044d  configureTimer                    
00000485  fn_INIT                           
000004a7  fn_GREEN                          
000004d1  fn_RED                            
000004fb  fn_BLUE                           
00000525  main                              
00000537  TA0_N_IRQHandler                  
00000537  TA0_N_IRQHandler                  
000006a1  CS_initClockSignal                
000007d1  __aeabi_memcpy                    
000007d1  __aeabi_memcpy4                   
000007d1  __aeabi_memcpy8                   
000007d1  memcpy                            
0000086d  Interrupt_enableInterrupt         
000008ed  __TI_decompress_lzss              
00000955  __TI_auto_init_nobinit_nopinit    
00000999  GPIO_setAsOutputPin               
000009d9  Timer_A_configureContinuousMode   
00000a0d  _c_int00_noargs                   
00000a41  CS_setReferenceOscillatorFrequency
00000a71  GPIO_setOutputHighOnPin           
00000a99  GPIO_setOutputLowOnPin            
00000ac1  WDT_A_holdTimer                   
00000ae5  Timer_A_clearInterruptFlag        
00000afb  Timer_A_startCounter              
00000b11  Interrupt_enableMaster            
00000b21  Interrupt_enableSleepOnIsrExit    
00000b31  __TI_decompress_none              
00000b3f  Reset_Handler                     
00000b4b  ADC14_IRQHandler                  
00000b4b  AES256_IRQHandler                 
00000b4b  BusFault_Handler                  
00000b4b  COMP_E0_IRQHandler                
00000b4b  COMP_E1_IRQHandler                
00000b4b  CS_IRQHandler                     
00000b4b  DMA_ERR_IRQHandler                
00000b4b  DMA_INT0_IRQHandler               
00000b4b  DMA_INT1_IRQHandler               
00000b4b  DMA_INT2_IRQHandler               
00000b4b  DMA_INT3_IRQHandler               
00000b4b  DebugMon_Handler                  
00000b4b  Default_Handler                   
00000b4b  EUSCIA0_IRQHandler                
00000b4b  EUSCIA1_IRQHandler                
00000b4b  EUSCIA2_IRQHandler                
00000b4b  EUSCIA3_IRQHandler                
00000b4b  EUSCIB0_IRQHandler                
00000b4b  EUSCIB1_IRQHandler                
00000b4b  EUSCIB2_IRQHandler                
00000b4b  EUSCIB3_IRQHandler                
00000b4b  FLCTL_IRQHandler                  
00000b4b  FPU_IRQHandler                    
00000b4b  HardFault_Handler                 
00000b4b  MemManage_Handler                 
00000b4b  NMI_Handler                       
00000b4b  PCM_IRQHandler                    
00000b4b  PORT1_IRQHandler                  
00000b4b  PORT2_IRQHandler                  
00000b4b  PORT3_IRQHandler                  
00000b4b  PORT4_IRQHandler                  
00000b4b  PORT5_IRQHandler                  
00000b4b  PORT6_IRQHandler                  
00000b4b  PSS_IRQHandler                    
00000b4b  PendSV_Handler                    
00000b4b  RTC_C_IRQHandler                  
00000b4b  SVC_Handler                       
00000b4b  SysTick_Handler                   
00000b4b  T32_INT1_IRQHandler               
00000b4b  T32_INT2_IRQHandler               
00000b4b  T32_INTC_IRQHandler               
00000b4b  TA0_0_IRQHandler                  
00000b4b  TA1_0_IRQHandler                  
00000b4b  TA1_N_IRQHandler                  
00000b4b  TA2_0_IRQHandler                  
00000b4b  TA2_N_IRQHandler                  
00000b4b  TA3_0_IRQHandler                  
00000b4b  TA3_N_IRQHandler                  
00000b4b  UsageFault_Handler                
00000b4b  WDT_A_IRQHandler                  
00000b4d  CPU_cpsie                         
00000b59  _system_pre_init                  
00000b5d  C$$EXIT                           
00000b5d  abort                             
00000b90  continuousModeConfig              
00000bcc  __TI_Handler_Table_Base           
00000bd4  __TI_CINIT_Base                   
00000bd4  __TI_Handler_Table_Limit          
00000bdc  __TI_CINIT_Limit                  
20000000  __start___llvm_prf_cnts           
20000000  __stop___llvm_prf_cnts            
20000000  fsm                               
20000020  SystemCoreClock                   
20000024  current_state                     
2000fe00  __stack                           
20010000  __STACK_END                       
4000480c  WDTCTL_SYM                        
ffffffff  __TI_pprof_out_hndl               
ffffffff  __TI_prof_data_size               
ffffffff  __TI_prof_data_start              
ffffffff  __binit__                         
ffffffff  __c_args__                        
ffffffff  binit                             
UNDEFED   __mpu_init                        
UNDEFED   _system_post_cinit                

[110 symbols]
