******************************************************************************
                  TI ARM Linker Unix v20.2.7                   
******************************************************************************
>> Linked Wed Nov 29 20:55:01 2023

OUTPUT FILE NAME:   <stepper_motor.out>
ENTRY POINT SYMBOL: "_c_int00_noargs"  address: 00000cf5


MEMORY CONFIGURATION

         name            origin    length      used     unused   attr    fill
----------------------  --------  ---------  --------  --------  ----  --------
  MAIN                  00000000   00040000  00000fb4  0003f04c  R  X
  INFO                  00200000   00004000  00000000  00004000  R  X
  SRAM_CODE             01000000   00010000  0000025a  0000fda6  RW X
  SRAM_DATA             20000000   00010000  0000025a  0000fda6  RW  


SEGMENT ALLOCATION MAP

run origin  load origin   length   init length attrs members
----------  ----------- ---------- ----------- ----- -------
00000000    00000000    00000fb8   00000fb8    r-x
  00000000    00000000    000000e4   000000e4    r-- .intvecs
  000000e4    000000e4    00000de0   00000de0    r-x .text
  00000ec8    00000ec8    000000c0   000000c0    r-- .const
  00000f88    00000f88    00000030   00000030    r-- .cinit
20000000    20000000    0000005c   00000000    rw-
  20000000    20000000    00000052   00000000    rw- .bss
  20000054    20000054    00000008   00000000    rw- .data
2000fe00    2000fe00    00000200   00000000    rw-
  2000fe00    2000fe00    00000200   00000000    rw- .stack


SECTION ALLOCATION MAP

 output                                  attributes/
section   page    origin      length       input sections
--------  ----  ----------  ----------   ----------------
.intvecs   0    00000000    000000e4     
                  00000000    000000e4     startup_msp432p401r_ccs.obj (.intvecs:retain)

.text      0    000000e4    00000de0     
                  000000e4    00000388     stepper.obj (.text)
                  0000046c    00000334     system_msp432p401r.obj (.text)
                  000007a0    00000144     msp432p4xx_driverlib.lib : timer_a.o (.text:privateTimer_AProcessClockSourceDivider)
                  000008e4    000000c4     main.obj (.text)
                  000009a8    0000009c     rtsv7M4_T_le_v4SPD16_eabi.lib : memcpy_t2.asm.obj (.text)
                  00000a44    00000080     msp432p4xx_driverlib.lib : interrupt.o (.text:Interrupt_enableInterrupt)
                  00000ac4    00000068                              : timer_a.o (.text:Timer_A_configureUpMode)
                  00000b2c    00000068     rtsv7M4_T_le_v4SPD16_eabi.lib : copy_decompress_lzss.c.obj (.text:decompress:lzss:__TI_decompress_lzss)
                  00000b94    00000050                                   : fs_toull_t2.asm.obj (.text)
                  00000be4    0000004c     msp432p4xx_driverlib.lib : gpio.o (.text:GPIO_setAsInputPin)
                  00000c30    00000044     rtsv7M4_T_le_v4SPD16_eabi.lib : autoinit.c.obj (.text:__TI_auto_init_nobinit_nopinit:__TI_auto_init_nobinit_nopinit)
                  00000c74    00000040     msp432p4xx_driverlib.lib : gpio.o (.text:GPIO_setAsOutputPin)
                  00000cb4    0000003e     global.obj (.text)
                  00000cf2    00000002     --HOLE-- [fill = 0]
                  00000cf4    00000034     rtsv7M4_T_le_v4SPD16_eabi.lib : boot_cortex_m.c.obj (.text:_c_int00_noargs:_c_int00_noargs)
                  00000d28    0000002c     msp432p4xx_driverlib.lib : timer_a.o (.text:Timer_A_clearCaptureCompareInterrupt)
                  00000d54    00000028                              : gpio.o (.text:GPIO_clearInterruptFlag)
                  00000d7c    00000028                              : gpio.o (.text:GPIO_enableInterrupt)
                  00000da4    00000028                              : gpio.o (.text:GPIO_setOutputHighOnPin)
                  00000dcc    00000028                              : gpio.o (.text:GPIO_setOutputLowOnPin)
                  00000df4    00000028                              : gpio.o (.text:GPIO_toggleOutputOnPin)
                  00000e1c    00000024                              : wdt_a.o (.text:WDT_A_holdTimer)
                  00000e40    0000001c     rtsv7M4_T_le_v4SPD16_eabi.lib : copy_zero_init.c.obj (.text:decompress:ZI:__TI_zero_init_nomemset:__TI_zero_init_nomemset)
                  00000e5c    00000016     msp432p4xx_driverlib.lib : timer_a.o (.text:Timer_A_startCounter)
                  00000e72    00000010                              : interrupt.o (.text:Interrupt_enableMaster)
                  00000e82    00000002     --HOLE-- [fill = 0]
                  00000e84    00000010                              : interrupt.o (.text:Interrupt_enableSleepOnIsrExit)
                  00000e94    0000000e     rtsv7M4_T_le_v4SPD16_eabi.lib : copy_decompress_none.c.obj (.text:decompress:none:__TI_decompress_none)
                  00000ea2    0000000e     startup_msp432p401r_ccs.obj (.text)
                  00000eb0    0000000c     msp432p4xx_driverlib.lib : cpu.o (.text:CPU_cpsie)
                  00000ebc    00000004     rtsv7M4_T_le_v4SPD16_eabi.lib : pre_init.c.obj (.text:_system_pre_init)
                  00000ec0    00000004                                   : exit.c.obj (.text:abort:abort)

.const     0    00000ec8    000000c0     
                  00000ec8    00000048     stepper.obj (.const:$P$T21$11)
                  00000f10    00000030     msp432p4xx_driverlib.lib : gpio.o (.const:GPIO_PORT_TO_BASE)
                  00000f40    00000018     stepper.obj (.const:timerConfig)
                  00000f58    00000008     msp432p4xx_driverlib.lib : interrupt.o (.const:g_pulEnRegs)
                  00000f60    00000005     stepper.obj (.const:$P$T16$7)
                  00000f65    00000005     stepper.obj (.const:$P$T17$8)
                  00000f6a    00000005     stepper.obj (.const:$P$T18$9)
                  00000f6f    00000005     stepper.obj (.const:$P$T19$10)
                  00000f74    00000005     stepper.obj (.const:$P$T6$2)
                  00000f79    00000005     stepper.obj (.const:$P$T7$3)
                  00000f7e    00000005     stepper.obj (.const:$P$T8$4)
                  00000f83    00000005     stepper.obj (.const:$P$T9$5)

.cinit     0    00000f88    00000030     
                  00000f88    0000000c     (__TI_handler_table)
                  00000f94    0000000b     (.cinit..data.load) [load image, compression = lzss]
                  00000f9f    00000001     --HOLE-- [fill = 0]
                  00000fa0    00000008     (.cinit..bss.load) [load image, compression = zero_init]
                  00000fa8    00000010     (__TI_cinit_table)

.init_array 
*          0    00000000    00000000     UNINITIALIZED

.binit     0    00000000    00000000     

.bss       0    20000000    00000052     UNINITIALIZED
                  20000000    00000048     (.common:stepper)
                  20000048    00000005     stepper.obj (.bss:$P$T0$1)
                  2000004d    00000005     stepper.obj (.bss:$P$T10$6)

.data      0    20000054    00000008     UNINITIALIZED
                  20000054    00000004     main.obj (.data)
                  20000058    00000004     system_msp432p401r.obj (.data)

.stack     0    2000fe00    00000200     UNINITIALIZED
                  2000fe00    00000004     rtsv7M4_T_le_v4SPD16_eabi.lib : boot_cortex_m.c.obj (.stack)
                  2000fe04    000001fc     --HOLE--

__llvm_prf_cnts 
*          0    20000000    00000000     UNINITIALIZED

MODULE SUMMARY

       Module                        code   ro data   rw data
       ------                        ----   -------   -------
    ./
       stepper.obj                   904    136       20     
       system_msp432p401r.obj        820    0         8      
       main.obj                      196    0         152    
       startup_msp432p401r_ccs.obj   14     228       0      
       global.obj                    62     0         0      
    +--+-----------------------------+------+---------+---------+
       Total:                        1996   364       180    
                                                             
    /Applications/ti/ccs1240/ccs/tools/compiler/ti-cgt-arm_20.2.7.LTS/lib/rtsv7M4_T_le_v4SPD16_eabi.lib
       memcpy_t2.asm.obj             156    0         0      
       copy_decompress_lzss.c.obj    104    0         0      
       fs_toull_t2.asm.obj           80     0         0      
       autoinit.c.obj                68     0         0      
       boot_cortex_m.c.obj           52     0         0      
       copy_zero_init.c.obj          28     0         0      
       copy_decompress_none.c.obj    14     0         0      
       exit.c.obj                    4      0         0      
       pre_init.c.obj                4      0         0      
    +--+-----------------------------+------+---------+---------+
       Total:                        510    0         0      
                                                             
    /Users/lucapodavini/Library/CloudStorage/GoogleDrive-luca.podavini@studenti.unitn.it/My Drive/UNI/Embedded Software for the Internet of Things/Exercises/simplelink_msp432p4_sdk_3_40_01_02/source/ti/devices/msp432p4xx/driverlib/ccs/msp432p4xx_driverlib.lib
       timer_a.o                     494    0         0      
       gpio.o                        340    48        0      
       interrupt.o                   160    8         0      
       wdt_a.o                       36     0         0      
       cpu.o                         12     0         0      
    +--+-----------------------------+------+---------+---------+
       Total:                        1042   56        0      
                                                             
       Stack:                        0      0         1024   
       Linker Generated:             0      47        0      
    +--+-----------------------------+------+---------+---------+
       Grand Total:                  3548   467       1204   


LINKER GENERATED COPY TABLES

__TI_cinit_table @ 00000fa8 records: 2, size/record: 8, table size: 16
	.data: load addr=00000f94, load size=0000000b bytes, run addr=20000054, run size=00000008 bytes, compression=lzss
	.bss: load addr=00000fa0, load size=00000008 bytes, run addr=20000000, run size=00000052 bytes, compression=zero_init


LINKER GENERATED HANDLER TABLE

__TI_handler_table @ 00000f88 records: 3, size/record: 4, table size: 12
	index: 0, handler: __TI_decompress_lzss
	index: 1, handler: __TI_decompress_none
	index: 2, handler: __TI_zero_init


GLOBAL SYMBOLS: SORTED ALPHABETICALLY BY Name 

address   name                                
-------   ----                                
00000eaf  ADC14_IRQHandler                    
00000eaf  AES256_IRQHandler                   
00000eaf  BusFault_Handler                    
00000ec1  C$$EXIT                             
00000eaf  COMP_E0_IRQHandler                  
00000eaf  COMP_E1_IRQHandler                  
00000eb1  CPU_cpsie                           
00000eaf  CS_IRQHandler                       
00000eaf  DMA_ERR_IRQHandler                  
00000eaf  DMA_INT0_IRQHandler                 
00000eaf  DMA_INT1_IRQHandler                 
00000eaf  DMA_INT2_IRQHandler                 
00000eaf  DMA_INT3_IRQHandler                 
00000eaf  DebugMon_Handler                    
00000eaf  Default_Handler                     
00000eaf  EUSCIA0_IRQHandler                  
00000eaf  EUSCIA1_IRQHandler                  
00000eaf  EUSCIA2_IRQHandler                  
00000eaf  EUSCIA3_IRQHandler                  
00000eaf  EUSCIB0_IRQHandler                  
00000eaf  EUSCIB1_IRQHandler                  
00000eaf  EUSCIB2_IRQHandler                  
00000eaf  EUSCIB3_IRQHandler                  
00000eaf  FLCTL_IRQHandler                    
00000eaf  FPU_IRQHandler                      
00000d55  GPIO_clearInterruptFlag             
00000d7d  GPIO_enableInterrupt                
00000be5  GPIO_setAsInputPin                  
00000c75  GPIO_setAsOutputPin                 
00000da5  GPIO_setOutputHighOnPin             
00000dcd  GPIO_setOutputLowOnPin              
00000cb5  GPIO_setOutputOnPin                 
00000df5  GPIO_toggleOutputOnPin              
00000eaf  HardFault_Handler                   
00000a45  Interrupt_enableInterrupt           
00000e73  Interrupt_enableMaster              
00000e85  Interrupt_enableSleepOnIsrExit      
00000eaf  MemManage_Handler                   
00000eaf  NMI_Handler                         
00000eaf  PCM_IRQHandler                      
00000969  PORT1_IRQHandler                    
00000969  PORT1_IRQHandler                    
00000eaf  PORT2_IRQHandler                    
00000eaf  PORT3_IRQHandler                    
00000eaf  PORT4_IRQHandler                    
00000eaf  PORT5_IRQHandler                    
00000eaf  PORT6_IRQHandler                    
00000eaf  PSS_IRQHandler                      
00000eaf  PendSV_Handler                      
00000eaf  RTC_C_IRQHandler                    
00000ea3  Reset_Handler                       
00000eaf  SVC_Handler                         
000001e9  Stepper_INIT                        
00000391  Stepper_MoveIfShuld                 
000002ab  Stepper_setSpeed_Percentage         
0000024f  Stepper_setSpeed_RPM                
00000321  Stepper_shouldMoveAfterIncrement    
00000eaf  SysTick_Handler                     
20000058  SystemCoreClock                     
0000046d  SystemCoreClockUpdate               
000006e5  SystemInit                          
00000eaf  T32_INT1_IRQHandler                 
00000eaf  T32_INT2_IRQHandler                 
00000eaf  T32_INTC_IRQHandler                 
00000eaf  TA0_0_IRQHandler                    
00000eaf  TA0_N_IRQHandler                    
00000957  TA1_0_IRQHandler                    
00000957  TA1_0_IRQHandler                    
00000eaf  TA1_N_IRQHandler                    
00000eaf  TA2_0_IRQHandler                    
00000eaf  TA2_N_IRQHandler                    
00000eaf  TA3_0_IRQHandler                    
00000eaf  TA3_N_IRQHandler                    
00000d29  Timer_A_clearCaptureCompareInterrupt
00000ac5  Timer_A_configureUpMode             
00000e5d  Timer_A_startCounter                
00000eaf  UsageFault_Handler                  
4000480c  WDTCTL_SYM                          
00000eaf  WDT_A_IRQHandler                    
00000e1d  WDT_A_holdTimer                     
20010000  __STACK_END                         
00000200  __STACK_SIZE                        
00000fa8  __TI_CINIT_Base                     
00000fb8  __TI_CINIT_Limit                    
00000f88  __TI_Handler_Table_Base             
00000f94  __TI_Handler_Table_Limit            
00000c31  __TI_auto_init_nobinit_nopinit      
00000b2d  __TI_decompress_lzss                
00000e95  __TI_decompress_none                
ffffffff  __TI_pprof_out_hndl                 
ffffffff  __TI_prof_data_size                 
ffffffff  __TI_prof_data_start                
00000000  __TI_static_base__                  
00000e41  __TI_zero_init_nomemset             
00000b95  __aeabi_f2ulz                       
000009a9  __aeabi_memcpy                      
000009a9  __aeabi_memcpy4                     
000009a9  __aeabi_memcpy8                     
ffffffff  __binit__                           
ffffffff  __c_args__                          
UNDEFED   __mpu_init                          
2000fe00  __stack                             
20000000  __start___llvm_prf_cnts             
20000000  __stop___llvm_prf_cnts              
00000cf5  _c_int00_noargs                     
000000e5  _step                               
UNDEFED   _system_post_cinit                  
00000ebd  _system_pre_init                    
00000ec1  abort                               
ffffffff  binit                               
000008e5  configurePorts                      
000008ff  configureTimerUpMode                
00000000  interruptVectors                    
00000921  main                                
000009a9  memcpy                              
20000054  speed                               
00000167  step                                
20000000  stepper                             
00000f40  timerConfig                         


GLOBAL SYMBOLS: SORTED BY Symbol Address 

address   name                                
-------   ----                                
00000000  __TI_static_base__                  
00000000  interruptVectors                    
000000e5  _step                               
00000167  step                                
000001e9  Stepper_INIT                        
00000200  __STACK_SIZE                        
0000024f  Stepper_setSpeed_RPM                
000002ab  Stepper_setSpeed_Percentage         
00000321  Stepper_shouldMoveAfterIncrement    
00000391  Stepper_MoveIfShuld                 
0000046d  SystemCoreClockUpdate               
000006e5  SystemInit                          
000008e5  configurePorts                      
000008ff  configureTimerUpMode                
00000921  main                                
00000957  TA1_0_IRQHandler                    
00000957  TA1_0_IRQHandler                    
00000969  PORT1_IRQHandler                    
00000969  PORT1_IRQHandler                    
000009a9  __aeabi_memcpy                      
000009a9  __aeabi_memcpy4                     
000009a9  __aeabi_memcpy8                     
000009a9  memcpy                              
00000a45  Interrupt_enableInterrupt           
00000ac5  Timer_A_configureUpMode             
00000b2d  __TI_decompress_lzss                
00000b95  __aeabi_f2ulz                       
00000be5  GPIO_setAsInputPin                  
00000c31  __TI_auto_init_nobinit_nopinit      
00000c75  GPIO_setAsOutputPin                 
00000cb5  GPIO_setOutputOnPin                 
00000cf5  _c_int00_noargs                     
00000d29  Timer_A_clearCaptureCompareInterrupt
00000d55  GPIO_clearInterruptFlag             
00000d7d  GPIO_enableInterrupt                
00000da5  GPIO_setOutputHighOnPin             
00000dcd  GPIO_setOutputLowOnPin              
00000df5  GPIO_toggleOutputOnPin              
00000e1d  WDT_A_holdTimer                     
00000e41  __TI_zero_init_nomemset             
00000e5d  Timer_A_startCounter                
00000e73  Interrupt_enableMaster              
00000e85  Interrupt_enableSleepOnIsrExit      
00000e95  __TI_decompress_none                
00000ea3  Reset_Handler                       
00000eaf  ADC14_IRQHandler                    
00000eaf  AES256_IRQHandler                   
00000eaf  BusFault_Handler                    
00000eaf  COMP_E0_IRQHandler                  
00000eaf  COMP_E1_IRQHandler                  
00000eaf  CS_IRQHandler                       
00000eaf  DMA_ERR_IRQHandler                  
00000eaf  DMA_INT0_IRQHandler                 
00000eaf  DMA_INT1_IRQHandler                 
00000eaf  DMA_INT2_IRQHandler                 
00000eaf  DMA_INT3_IRQHandler                 
00000eaf  DebugMon_Handler                    
00000eaf  Default_Handler                     
00000eaf  EUSCIA0_IRQHandler                  
00000eaf  EUSCIA1_IRQHandler                  
00000eaf  EUSCIA2_IRQHandler                  
00000eaf  EUSCIA3_IRQHandler                  
00000eaf  EUSCIB0_IRQHandler                  
00000eaf  EUSCIB1_IRQHandler                  
00000eaf  EUSCIB2_IRQHandler                  
00000eaf  EUSCIB3_IRQHandler                  
00000eaf  FLCTL_IRQHandler                    
00000eaf  FPU_IRQHandler                      
00000eaf  HardFault_Handler                   
00000eaf  MemManage_Handler                   
00000eaf  NMI_Handler                         
00000eaf  PCM_IRQHandler                      
00000eaf  PORT2_IRQHandler                    
00000eaf  PORT3_IRQHandler                    
00000eaf  PORT4_IRQHandler                    
00000eaf  PORT5_IRQHandler                    
00000eaf  PORT6_IRQHandler                    
00000eaf  PSS_IRQHandler                      
00000eaf  PendSV_Handler                      
00000eaf  RTC_C_IRQHandler                    
00000eaf  SVC_Handler                         
00000eaf  SysTick_Handler                     
00000eaf  T32_INT1_IRQHandler                 
00000eaf  T32_INT2_IRQHandler                 
00000eaf  T32_INTC_IRQHandler                 
00000eaf  TA0_0_IRQHandler                    
00000eaf  TA0_N_IRQHandler                    
00000eaf  TA1_N_IRQHandler                    
00000eaf  TA2_0_IRQHandler                    
00000eaf  TA2_N_IRQHandler                    
00000eaf  TA3_0_IRQHandler                    
00000eaf  TA3_N_IRQHandler                    
00000eaf  UsageFault_Handler                  
00000eaf  WDT_A_IRQHandler                    
00000eb1  CPU_cpsie                           
00000ebd  _system_pre_init                    
00000ec1  C$$EXIT                             
00000ec1  abort                               
00000f40  timerConfig                         
00000f88  __TI_Handler_Table_Base             
00000f94  __TI_Handler_Table_Limit            
00000fa8  __TI_CINIT_Base                     
00000fb8  __TI_CINIT_Limit                    
20000000  __start___llvm_prf_cnts             
20000000  __stop___llvm_prf_cnts              
20000000  stepper                             
20000054  speed                               
20000058  SystemCoreClock                     
2000fe00  __stack                             
20010000  __STACK_END                         
4000480c  WDTCTL_SYM                          
ffffffff  __TI_pprof_out_hndl                 
ffffffff  __TI_prof_data_size                 
ffffffff  __TI_prof_data_start                
ffffffff  __binit__                           
ffffffff  __c_args__                          
ffffffff  binit                               
UNDEFED   __mpu_init                          
UNDEFED   _system_post_cinit                  

[119 symbols]
